---
source: crates/churl/src/tui/components/load_runner.rs
expression: snapshot(&mut r)
---
"                                                                                                                    "
"      ┏ Load · List users ━━━━━━━━━━━━━━━━━━━━━━━━━━━━━━━━━━━━━━━━━━━━━━━━━━━━━━━━━━━━━━━━━━━━━━━━━━━━━━━━━━━┓      "
"      ┃total=10 · concurrency=5 · min gap=0ms · max rate                                                     ┃      "
"      ┃→ https://api.test/users                                                                              ┃      "
"      ┃0/0 done · 0 ok                                                                                       ┃      "
"      ┃┌ Results ─────────────────────────────┐┌ Response ──────────────────────────────────────────────────┐┃      "
"      ┃│                                      ││no response yet                                             │┃      "
"      ┃│                                      ││                                                            │┃      "
"      ┃│                                      ││press r to run                                              │┃      "
"      ┃│                                      ││                                                            │┃      "
"      ┃│                                      ││                                                            │┃      "
"      ┃│                                      ││                                                            │┃      "
"      ┃│                                      ││                                                            │┃      "
"      ┃│                                      ││                                                            │┃      "
"      ┃│                                      ││                                                            │┃      "
"      ┃│                                      ││                                                            │┃      "
"      ┃│                                      ││                                                            │┃      "
"      ┃│                                      ││                                                            │┃      "
"      ┃│                                      ││                                                            │┃      "
"      ┃│                                      ││                                                            │┃      "
"      ┃└──────────────────────────────────────┘└────────────────────────────────────────────────────────────┘┃      "
"      ┃h/l field · j/k adjust · enter edit · r run · tab results · ctrl-c cancel · q close                   ┃      "
"      ┗━━━━━━━━━━━━━━━━━━━━━━━━━━━━━━━━━━━━━━━━━━━━━━━━━━━━━━━━━━━━━━━━━━━━━━━━━━━━━━━━━━━━━━━━━━━━━━━━━━━━━━┛      "
"                                                                                                                    "
