---
source: crates/churl/src/tui/components/load_runner.rs
expression: snapshot(&mut r)
---
"                                                                                                                    "
"      ┏ Load · List users ━━━━━━━━━━━━━━━━━━━━━━━━━━━━━━━━━━━━━━━━━━━━━━━━━━━━━━━━━━━━━━━━━━━━━━━━━━━━━━━━━━━┓      "
"      ┃total=2 · concurrency=5 · interval=0ms                                                                ┃      "
"      ┃→ https://api.test/users                                                                              ┃      "
"      ┃1/2 done · 1 ok · min 42ms · p50 42ms · p95 42ms · max 42ms · mean 42ms  done                         ┃      "
"      ┃┌ Results ─────────────────────────────┐┏ Response ━━━━━━━━━━━━━━━━━━ 200 OK · 42 ms · 11 B · 1 hdrs ┓┃      "
"      ┃│✓ #1    200  42ms                     │┃{"ok":true}                                                 ┃┃      "
"      ┃│· #2                                  │┃                                                            ┃┃      "
"      ┃│                                      │┃                                                            ┃┃      "
"      ┃│                                      │┃                                                            ┃┃      "
"      ┃│                                      │┃                                                            ┃┃      "
"      ┃│                                      │┃                                                            ┃┃      "
"      ┃│                                      │┃                                                            ┃┃      "
"      ┃│                                      │┃                                                            ┃┃      "
"      ┃│                                      │┃                                                            ┃┃      "
"      ┃│                                      │┃                                                            ┃┃      "
"      ┃│                                      │┃                                                            ┃┃      "
"      ┃│                                      │┃                                                            ┃┃      "
"      ┃│                                      │┃                                                            ┃┃      "
"      ┃│                                      │┃                                                            ┃┃      "
"      ┃└──────────────────────────────────────┘┗━━━━━━━━━━━━━━━━━━━━━━━━━━━━━━━━━━━━━━━━━━━━━━━━━━━━━━━━━━━━┛┃      "
"      ┃j/k scroll · W wrap · o/O fold · tab config · q close                                                 ┃      "
"      ┗━━━━━━━━━━━━━━━━━━━━━━━━━━━━━━━━━━━━━━━━━━━━━━━━━━━━━━━━━━━━━━━━━━━━━━━━━━━━━━━━━━━━━━━━━━━━━━━━━━━━━━┛      "
"                                                                                                                    "
