---
source: crates/churl/tests/tui_snapshot.rs
assertion_line: 948
expression: snapshot(&mut app)
---
┌ Explorer ──────────────────┐  List users                                      
│  ▸ orders                  │┌ URL ───────────────────────────────────────────┐
│  ▾ users                   ││GET  https://api.test/users                     │
│>   List users              │└────────────────────────────────────────────────┘
│    Create user             │┌ Request ───────────────────────────────────────┐
│    Get user                ││  Params(0)     Headers(0)     Auth     Body    │
│                            ││  (no params — a to add)                        │
│                           ┏ Method ━━━━━━━━━━━━━━┓                           │
│                           ┃ ● g  GET             ┃                           │
│                           ┃   p  POST            ┃                           │
│                           ┃   u  PUT             ┃                           │
│                           ┃   t  PATCH           ┃                           │
│                           ┃   d  DELETE          ┃───────────────────────────┘
│                           ┃   h  HEAD            ┃───────────────────────────┐
│                           ┃   o  OPTIONS         ┃                           │
│                           ┗━━━━━━━━━━━━━━━━━━━━━━┛users                      │
│                            ││                                                │
│                            ││press ctrl-s to send                            │
│                            ││                                                │
└────────────────────────────┘│                                                │
┌ Sequences ─────────────────┐│                                                │
│<leader>s n to add          ││                                                │
└────────────────────────────┘└────────────────────────────────────────────────┘
 URL · demo · ? help · space leader · / search · : palette
