---
source: crates/churl/tests/tui_snapshot.rs
expression: snap
---
┌ Explorer ──────────────────┐┌ URL ───────────────────────────────────────────┐
│> ▸ orders                  ││no endpoint selected                            │
│  ▸ users                   │└────────────────────────────────────────────────┘
│           ┏ Settings · Debug ━━━━━━━━━━━━━━━━━━━━━━━━━━━━━━━━━━━━┓───────────┐
│           ┃  ● Debug capture     on                              ┃           │
│           ┃    Advanced (debug)  ↳ concurrency/total/body-cap/tim┃           │
│           ┃┌ Advanced limits (debug-gated) ─────────────────────┐┃           │
│           ┃│▸   concurrency       5                             │┃           │
│           ┃│    total             10                            │┃           │
│           ┃│    body cap (bytes)  10485760                      │┃           │
│           ┃│    timeout (s)       30                            │┃           │
│           ┃│                                                    │┃───────────┘
│           ┃│                                                    │┃───────────┐
│           ┃│                                                    │┃           │
│           ┃│                                                    │┃           │
│           ┃└────────────────────────────────────────────────────┘┃           │
│           ┃                                                      ┃           │
│           ┃ j/k move · enter edit · s save · h/esc back · q close┃           │
└───────────┗━━━━━━━━━━━━━━━━━━━━━━━━━━━━━━━━━━━━━━━━━━━━━━━━━━━━━━┛           │
┌ Sequences ─────────────────┐│                                                │
│<leader>s n to add          ││                                                │
└────────────────────────────┘└────────────────────────────────────────────────┘
 debug capture ON — sends now build an inspectable trace                        
 EXPLORER · demo · DEBUG · ? help · space leader · / search · : palette
