---
source: crates/churl/tests/tui_snapshot.rs
assertion_line: 1002
expression: snapshot(&mut app)
---
┏ Explorer ━━━━━━━━━━━━━━━━━━┓┌ URL ───────────────────────────────────────────┐
┃> ▸ orders                  ┃│no endpoint selected                            │
┃  ▸ users  ┏ Help — keys (?/esc/q to close) ━━━━━━━━━━━━━━━━━━━━━━┓───────────┘
┃           ┃Global                                                ┃───────────┐
┃           ┃  Shift-g        jump to bottom                       ┃           │
┃           ┃  h              collapse / parent                    ┃           │
┃           ┃  j              move down                            ┃           │
┃           ┃  l              expand / descend                     ┃           │
┃           ┃  Tab            focus next pane                      ┃           │
┃           ┃  Shift-BackTab  focus previous pane                  ┃           │
┃           ┃  Ctrl-d         scroll half page down                ┃           │
┃           ┃  Ctrl-u         scroll half page up                  ┃           │
┃           ┃  ?              help overlay                         ┃───────────┘
┃           ┃  f              jump to pane / row                   ┃───────────┐
┃           ┃  :              command palette                      ┃           │
┃           ┃  /              search endpoints                     ┃           │
┃           ┃  Ctrl-c, q      quit                                 ┃           │
┃           ┃  w              save request                         ┃           │
┃           ┃  Enter          select / toggle                      ┃           │
┃           ┃  Ctrl-s         send request                         ┃           │
┃           ┗━━━━━━━━━━━━━━━━━━━━━━━━━━━━━━━━━━━━━━━━━━━━━━━━━━━━━━┛           │
┃                            ┃│                                                │
┗━━━━━━━━━━━━━━━━━━━━━━━━━━━━┛└────────────────────────────────────────────────┘
 EXPLORER · demo · ? help · space leader · / search · : palette
