---
source: crates/churl/tests/tui_snapshot.rs
assertion_line: 493
expression: snapshot(&mut app)
---
┌ Explorer ──────────────────┐┌ URL ───────────────────────────────────────────┐
│  ▸ orders                  ││GET  https://api.test/users                     │
│  ▾ users                   │└────────────────────────────────────────────────┘
│>   List users              │┌ Request ───────────────────────────────────────┐
│    Create user             ││ Params(0)   Headers(0)   Auth   Body           │
│    Get user                ││  (no params — a to add)                        │
│                            ││                                                │
│                           ┏ Method ━━━━━━━━━━━━━━┓                           │
│                           ┃ ● g  GET             ┃                           │
│                           ┃   p  POST            ┃                           │
│                           ┃   u  PUT             ┃                           │
│                           ┃   t  PATCH           ┃                           │
│                           ┃   d  DELETE          ┃───────────────────────────┘
│                           ┃   h  HEAD            ┃───────────────────────────┐
│                           ┃   o  OPTIONS         ┃                           │
│                           ┗━━━━━━━━━━━━━━━━━━━━━━┛users                      │
│                            ││                                                │
│                            ││press ctrl-s to send                            │
│                            ││                                                │
│                            ││                                                │
│                            ││                                                │
│                            ││                                                │
└────────────────────────────┘└────────────────────────────────────────────────┘
 URL · demo · ? help · space leader · / search · : palette
