---
source: crates/churl/tests/tui_snapshot.rs
assertion_line: 1754
expression: snapshot(&mut app)
---
┌ Explorer ──────────────────┐ List users                                       
│  ▸ orders                  │┌ URL ───────────────────────────────────────────┐
│  ▾ users                   ││GET  https://api.test/users                     │
│>   List users              │└────────────────────────────────────────────────┘
│    Create user             │┏ Request ━━━━━━━━━━━━━━━━━━━━━━━━━━━━━━━━━━━━━━━┓
│    Get user                │┃ [1] Params(0)   [2] Headers(0)   [3] Auth   [4]┃
│                            │┃  (no params — a to add)                        ┃
│                            │┃                                                ┃
│                            │┃                                                ┃
│                            │┃                                                ┃
│                            │┃                                                ┃
│                            │┃                                                ┃
│                            │┃                                                ┃
│                            │┃                                                ┃
│                            │┃                                                ┃
│                            │┃                                                ┃
│                            │┃                                                ┃
│                            │┃                                                ┃
│                            │┃                                                ┃
│                            │┗━━━━━━━━━━━━━━━━━━━━━━━━━━━━━━━━━━━━━━━━━━━━━━━━┛
│                            │┌ Response ──────────────────────────────────────┐
│                            ││no response yet                                 │
└────────────────────────────┘└────────────────────────────────────────────────┘
 REQUEST · demo · ? help · space leader · / search · : palette
