---
source: crates/churl/tests/tui_snapshot.rs
assertion_line: 1341
expression: snapshot(&mut app)
---
┏ Explorer ━━━━━━━━━━━━━━━━━━┓┌ URL ───────────────────────────────────────────┐
┃> ▸ orders                  ┃│no endpoint selected                            │
┃  ▸ users                   ┃└────────────────────────────────────────────────┘
┃                            ┃┌ Request ───────────────────────────────────────┐
┃                            ┃│                                                │
┃                            ┃│no endpoint selected                            │
┃                            ┃│                                                │
┃                            ┃│                                                │
┃                            ┃│                                                │
┃                            ┃│                                                │
┃                            ┃│            ┏ leader ━━━━━━━━━━━━━━━━━━━━━━━━━━━┓
┃                            ┃│            ┃ Shift-s  toggle sequences sub-pane┃
┃                            ┃└────────────┃ c  cancel request                 ┃
┃                            ┃┌ Response ──┃ e  toggle explorer sidebar        ┃
┃                            ┃│no response ┃ f  request picker                 ┃
┃                            ┃│            ┃ p  switch profile                 ┃
┃                            ┃│no endpoint ┃ q  quit                           ┃
┃                            ┃│            ┃ v  Environments & vars            ┃
┃                            ┃│            ┃ w  workspace picker               ┃
┃                            ┃│            ┃ y  copy request as curl           ┃
┃                            ┃│            ┃ l  ▸ load                         ┃
┃                            ┃│            ┃ s  ▸ sequences                    ┃
┗━━━━━━━━━━━━━━━━━━━━━━━━━━━━┛└────────────┗━━━━━━━━━━━━━━━━━━━━━━━━━━━━━━━━━━━┛
 EXPLORER · demo · ? help · space leader · / search · : palette
