---
source: crates/churl/tests/tui_snapshot.rs
expression: snapshot(&mut app)
---
┌ Explorer ──────────────────┐┌ URL ───────────────────────────────────────────┐
│> ▸ orders                  ││no endpoint selected                            │
│  ▸ users                   │└────────────────────────────────────────────────┘
│                            │┌ Request ───────────────────────────────────────┐
│                            ││                                                │
│              ┏ Search endpoints ━━━━━━━━━━━━━━━━━━━━━━━━━━━━━━┓              │
│              ┃> user█                                         ┃              │
│              ┃> users/List users                              ┃              │
│              ┃  users/Create user                             ┃              │
│              ┃  users/Get user                                ┃              │
│              ┃                                                ┃              │
│              ┃                                                ┃              │
│              ┃                                                ┃──────────────┘
│              ┃                                                ┃──────────────┐
│              ┃                                                ┃              │
│              ┃                                                ┃              │
│              ┃                                                ┃              │
│              ┃                                                ┃              │
│              ┗━━━━━━━━━━━━━━━━━━━━━━━━━━━━━━━━━━━━━━━━━━━━━━━━┛              │
│                            ││                                                │
│                            ││                                                │
│                            ││                                                │
└────────────────────────────┘└────────────────────────────────────────────────┘
 EXPLORER · demo · j/k move · enter select · ctrl-s send · f jump · / search · :
