---
source: crates/churl/tests/tui_snapshot.rs
assertion_line: 1580
expression: render_runner(&mut state)
---
                                                                                          
     ┏ Sequence · Auth flow ━━━━━━━━━━━━━━━━━━━━━━━━━━━━━━━━━━━━━━━━━━━━━━━━━━━━━━━━━┓    
     ┃Mode: RUN   1/3 · 120ms total   on_error: halt                                 ┃    
     ┃Run the chain in order, piping each step's extracted values into the requests t┃    
     ┃┏ Steps ━━━━━━━━━━━━━━━━━━━━━━━━━━━━━┓┌ Res 200 OK · 120 ms · 27 B · 1 header ┐┃    
     ┃┃✓ POST auth/login.toml  200  120ms  ┃│{"data":{"token":"abc123"}}            │┃    
     ┃┃    ↳ token = ••••••                ┃│                                       │┃    
     ┃┃⠋ GET users/me.toml                 ┃│                                       │┃    
     ┃┃○ GET users/by_id.toml              ┃│                                       │┃    
     ┃┃                                    ┃│                                       │┃    
     ┃┃                                    ┃│                                       │┃    
     ┃┃                                    ┃│                                       │┃    
     ┃┃                                    ┃│                                       │┃    
     ┃┃                                    ┃│                                       │┃    
     ┃┃                                    ┃│                                       │┃    
     ┃┃                                    ┃│                                       │┃    
     ┃┃                                    ┃│                                       │┃    
     ┃┃                                    ┃│                                       │┃    
     ┃┃                                    ┃│                                       │┃    
     ┃┃                                    ┃│                                       │┃    
     ┃┗━━━━━━━━━━━━━━━━━━━━━━━━━━━━━━━━━━━━┛└───────────────────────────────────────┘┃    
     ┃j/k step · tab response · r re-run · ^R edit · ctrl-c cancel · q close         ┃    
     ┗━━━━━━━━━━━━━━━━━━━━━━━━━━━━━━━━━━━━━━━━━━━━━━━━━━━━━━━━━━━━━━━━━━━━━━━━━━━━━━━┛
