---
source: crates/churl/tests/tui_snapshot.rs
assertion_line: 1975
expression: render_runner(&mut state)
---
                                                                                          
     ┏ Sequence · Auth flow ━━━━━━━━━━━━━━━━━━━━━━━━━━━━━━━━━━━━━━━━━━━━━━━━━━━━━━━━━┓    
     ┃Mode: RUN   1/3 · 120ms total   on_error: halt                                 ┃    
     ┃Run the chain in order, piping each step's extracted values into the requests t┃    
     ┃┏ Steps ━━━━━━━━━━━━━━━━━━━━━━━━━━━━━┓┌ Res 200 OK · 120 ms · 27 B · 1 header ┐┃    
     ┃┃✓ POST auth/login.toml  200  120ms  ┃│1 {                                    │┃    
     ┃┃    ↳ token = ••••••                ┃│2   "data": {                          │┃    
     ┃┃⠋ GET users/me.toml                 ┃│3     "token": "abc123"                │┃    
     ┃┃○ GET users/by_id.toml              ┃│4   }                                  │┃    
     ┃┃                                    ┃│5 }                                    │┃    
     ┃┃                                    ┃│                                       │┃    
     ┃┃                                    ┃│                                       │┃    
     ┃┃                                    ┃│                                       │┃    
     ┃┃                                    ┃│                                       │┃    
     ┃┃                                    ┃│                                       │┃    
     ┃┃                                    ┃│                                       │┃    
     ┃┃                                    ┃│                                       │┃    
     ┃┃                                    ┃│                                       │┃    
     ┃┃                                    ┃│                                       │┃    
     ┃┃                                    ┃│                                       │┃    
     ┃┗━━━━━━━━━━━━━━━━━━━━━━━━━━━━━━━━━━━━┛└block · o/O fold · y/Y copy · / search ┘┃    
     ┃j/k step · tab response · r re-run · ^R edit · ctrl-c cancel · q close         ┃    
     ┗━━━━━━━━━━━━━━━━━━━━━━━━━━━━━━━━━━━━━━━━━━━━━━━━━━━━━━━━━━━━━━━━━━━━━━━━━━━━━━━┛
