---
source: crates/churl/tests/tui_snapshot.rs
assertion_line: 115
expression: snapshot(&mut app)
---
┌ Explorer ──────────────────┐┌ URL ───────────────────────────────────────────┐
│> ▸ orders                  ││no endpoint selected                            │
│  ▸ users                   │└────────────────────────────────────────────────┘
│                            │┌ Request ───────────────────────────────────────┐
│           ┏ Commands ━━━━━━━━━━━━━━━━━━━━━━━━━━━━━━━━━━━━━━━━━━━━┓           │
│           ┃> █                                                   ┃           │
│           ┃> send request                                        ┃           │
│           ┃  cancel request                                      ┃           │
│           ┃  save request                                        ┃           │
│           ┃  new endpoint                                        ┃           │
│           ┃  new collection                                      ┃           │
│           ┃  new endpoint (choose location)                      ┃           │
│           ┃  new collection (choose location)                    ┃───────────┘
│           ┃  rename                                              ┃───────────┐
│           ┃  delete                                              ┃           │
│           ┃  switch profile                                      ┃           │
│           ┃  environments & vars                                 ┃           │
│           ┃  reload workspace from disk                          ┃           │
│           ┃  run sequence                                        ┃           │
└───────────┗━━━━━━━━━━━━━━━━━━━━━━━━━━━━━━━━━━━━━━━━━━━━━━━━━━━━━━┛           │
┌ Sequences ─────────────────┐│                                                │
│<leader>s n to add          ││                                                │
└────────────────────────────┘└────────────────────────────────────────────────┘
 EXPLORER · demo · ? help · space leader · / search · : palette
