---
source: crates/churl/tests/tui_snapshot.rs
expression: rendered
---
┏ Explorer ━━━━━━━━━━━━━━━━━━┓┌ URL ───────────────────────────────────────────┐
┃  ▾ private                 ┃│GET  https://api.test/things        auth:apikey │
┃>   List things             ┃└────────────────────────────────────────────────┘
┃                            ┃┌ Request ───────────────────────────────────────┐
┃                            ┃│GET https://api.test/things                     │
┃                            ┃│auth: apikey X-Api-Key=***** (header)           │
┃                            ┃│body:                                           │
┃                            ┃│                                                │
┃                            ┃│                                                │
┃                            ┃│                                                │
┃                            ┃│                                                │
┃                            ┃│  Normal                                        │
┃                            ┃└────────────────────────────────────────────────┘
┃                            ┃┌ Response ──────────────────────────────────────┐
┃                            ┃│no response yet                                 │
┃                            ┃│GET https://api.test/things                     │
┃                            ┃│                                                │
┃                            ┃│press ctrl-s to send                            │
┃                            ┃│                                                │
┃                            ┃│                                                │
┃                            ┃│                                                │
┃                            ┃│                                                │
┗━━━━━━━━━━━━━━━━━━━━━━━━━━━━┛└────────────────────────────────────────────────┘
 EXPLORER · demo · j/k move · enter select · ctrl-s send · f jump · / search · :
