---
source: crates/churl/tests/tui_snapshot.rs
expression: snapshot(&mut app)
---
┌ Explorer [e] ──────────────┐┌ URL [u] ───────────────────────────────────────┐
│  ▸ orders                  ││no endpoint selected                            │
│> ▾ users                   │└────────────────────────────────────────────────┘
│    List users              │┌ Request [r] ───────────────────────────────────┐
│    Create user             ││                                                │
│    Get user                ││no endpoint selected                            │
│                            ││                                                │
│                            ││                                                │
│                            ││                                                │
│                            ││                                                │
│                            ││                                                │
│                            ││                                                │
│                            │└────────────────────────────────────────────────┘
│                            │┌ Response [p] ──────────────────────────────────┐
│                            ││no response yet                                 │
│                            ││                                                │
│                            ││no endpoint selected                            │
│                            ││                                                │
│                            ││                                                │
└────────────────────────────┘│                                                │
┌ Sequences [s] ─────────────┐│                                                │
│<leader>s a to add          ││                                                │
└────────────────────────────┘└────────────────────────────────────────────────┘
 EXPLORER · demo · ? help · space leader · / search · : palette
