---
source: crates/churl/tests/tui_snapshot.rs
expression: rendered
---
┌ Explorer ──────────────────┐▐ List users ▌                                    
│  ▸ orders                  │┏ URL ━━━━━━━━━━━━━━━━━━━━━━━━━━━━━━━━━━━━━━━━━━━┓
│  ▾ users                   │┃GET  https://api.test/users                     ┃
│>   List users              │┗━━━━━━━━━━━━━━━━━━━━━━━━━━━━━━━━━━━━━━━━━━━━━━━━┛
│    Create user             │┌ Request ───────────────────────────────────────┐
│    Get user                ││▐ Params(0) ▌ ▐ Headers(0) ▌ ▐ Auth ▌ ▐ Body ▌  │
│                            ││  (no params — a to add)                        │
│                            ││                                                │
│                            ││                                                │
│                            ││                                                │
│           ┏ Edit URL ━━━━━━━━━━━━━━━━━━━━━━━━━━━━━━━━━━━━━━━━━━━━┓           │
│           ┃https://api.test/users                                ┃           │
│           ┃  Normal                                              ┃───────────┘
│           ┗━━━━━━━━━━━━━━━━━━━━━━━━━━━ enter commit · esc cancel ┛───────────┐
│                            ││no response yet                                 │
│                            ││GET https://api.test/users                      │
│                            ││                                                │
│                            ││press ctrl-s to send                            │
│                            ││                                                │
└────────────────────────────┘│                                                │
┌ Sequences ─────────────────┐│                                                │
│<leader>s a to add          ││                                                │
└────────────────────────────┘└────────────────────────────────────────────────┘
 URL · demo · ? help · space leader · / search · : palette
