---
source: crates/churl/tests/tui_snapshot.rs
assertion_line: 958
expression: snapshot(&mut app)
---
┌ Explorer ──────────────────┐┌ URL ───────────────────────────────────────────┐
│  ▸ orders                  ││no endpoint selected                            │
│> ▸ users                   │└────────────────────────────────────────────────┘
│                            │┌ Request ───────────────────────────────────────┐
│                            ││                                                │
│                            ││no endpoint selected                            │
│           ┏ New endpoint ━━━━━━━━━━━━━━━━━━━━━━━━━━━━━━━━━━━━━━━━┓           │
│           ┃Update user                                           ┃           │
│           ┃                                                      ┃           │
│           ┃                                                      ┃           │
│           ┃                                                      ┃           │
│           ┃                                                      ┃           │
│           ┃                                                      ┃───────────┘
│           ┃                                                      ┃───────────┐
│           ┃                                                      ┃           │
│           ┃  Insert                                              ┃           │
│           ┃name, or paste a curl to import                       ┃           │
│           ┗━━━━━━━━━━━━━━━━━━━━━━━━━━━ enter submit · esc cancel ┛           │
│                            ││                                                │
└────────────────────────────┘│                                                │
┌ Sequences ─────────────────┐│                                                │
│<leader>s n to add          ││                                                │
└────────────────────────────┘└────────────────────────────────────────────────┘
 EXPLORER · demo · ? help · space leader · / search · : palette
