---
source: crates/churl/tests/tui_snapshot.rs
expression: dirty_rendered
---
┌ Explorer ──────────────────┐┏ URL ━━━━━━━━━━━━━━━━━━━━━━━━━━━━━━━━━━━━━━━━━━━┓
│  ▸ orders                  │┃GET  https://api.test/usersX                ●   ┃
│  ▾ users                   │┗━━━━━━━━━━━━━━━━━━━━━━━━━━━━━━━━━━━━━━━━━━━━━━━━┛
│>   List users ●            │┌ Request ───────────────────────────────────────┐
│    Create user             ││ Params(0)   Headers(0)   Auth   Body           │
│    Get user                ││  (no params — a to add)                        │
│                            ││                                                │
│                            ││                                                │
│                            ││                                                │
│                            ││                                                │
│                            ││                                                │
│                            ││                                                │
│                            │└────────────────────────────────────────────────┘
│                            │┌ Response ──────────────────────────────────────┐
│                            ││no response yet                                 │
│                            ││GET https://api.test/usersX                     │
│                            ││                                                │
│                            ││press ctrl-s to send                            │
│                            ││                                                │
│                            ││                                                │
│                            ││                                                │
│                            ││                                                │
└────────────────────────────┘└────────────────────────────────────────────────┘
 URL · demo · ● unsaved · w save · ? help · space leader · / search · : palette
