---
source: crates/churl/tests/tui_snapshot.rs
expression: rendered
---
┌ Explorer ──────────────────┐┌ URL ───────────────────────────────────────────┐
│> ▸┏ Environments & Variables ● ━━━━━━━━━━━━━━━━━━━━━━━━━━━━━━━━━━━━━━━━━━┓   │
│   ┃┌ Scopes ──────────────────┐┌ Workspace ─────────────────────────────┐┃───┘
│   ┃│WORKSPACE                 ││api_token  •••••• ✓                     │┃───┐
│   ┃│  Workspace               ││base_url   https://api.example.com ✓    │┃   │
│   ┃│                          ││                                        │┃   │
│   ┃│COLLECTIONS               ││                                        │┃   │
│   ┃│  users                   ││                                        │┃   │
│   ┃│                          ││                                        │┃   │
│   ┃│PROFILES                  ││                                        │┃   │
│   ┃│  dev    ┏ Unsaved changes ━━━━━━━━━━━━━━━━━━━━━━━━━━━━━━━┓         │┃   │
│   ┃│         ┃Save changes before closing?                    ┃         │┃   │
│   ┃│SESSION (┃s save · d discard · esc stay                   ┃         │┃───┘
│   ┃│  Session┗━━━━━━━━━━━━━━━━━━━━━━━━━━━━━━━━━━━━━━━━━━━━━━━━┛         │┃───┐
│   ┃│                          ││                                        │┃   │
│   ┃│                          ││                                        │┃   │
│   ┃│                          ││                                        │┃   │
│   ┃│                          ││                                        │┃   │
│   ┃└──────────────────────────┘└────────────────────────────────────────┘┃   │
└───┃ api_token: workspace ✓                                               ┃   │
┌ Se┃ s save · d discard · esc stay                                        ┃   │
│<le┗━━━━━━━━━━━━━━━━━━━━━━━━━━━━━━━━━━━━━━━━━━━━━━━━━━━━━━━━━━━━━━━━━━━━━━┛   │
└────────────────────────────┘└────────────────────────────────────────────────┘
 EXPLORER · demo · ? help · space leader · / search · : palette
