---
source: crates/churl/tests/tui_snapshot.rs
assertion_line: 115
expression: snapshot(&mut app)
---
┌ Explorer ──────────────────┐┌ URL ───────────────────────────────────────────┐
│> ▸ orders                  ││no endpoint selected                            │
│  ▸ users                   │└────────────────────────────────────────────────┘
│                            │┌ Request ───────────────────────────────────────┐
│           ┏ Commands ━━━━━━━━━━━━━━━━━━━━━━━━━━━━━━━━━━━━━━━━━━━━┓           │
│           ┃> █                                                   ┃           │
│           ┃> send request                                        ┃           │
│           ┃  cancel request                                      ┃           │
│           ┃  save request                                        ┃           │
│           ┃  new endpoint                                        ┃           │
│           ┃  new collection                                      ┃           │
│           ┃  rename                                              ┃           │
│           ┃  delete                                              ┃───────────┘
│           ┃  switch profile                                      ┃───────────┐
│           ┃  environments & vars                                 ┃           │
│           ┃  run sequence                                        ┃           │
│           ┃  add sequence                                        ┃           │
│           ┃  open sequence                                       ┃           │
│           ┃  load test endpoint (concurrent)                     ┃           │
│           ┗━━━━━━━━━━━━━━━━━━━━━━━━━━━━━━━━━━━━━━━━━━━━━━━━━━━━━━┛           │
│                            ││                                                │
│                            ││                                                │
└────────────────────────────┘└────────────────────────────────────────────────┘
 EXPLORER · demo · ? help · space leader · / search · : palette
