---
source: crates/churl/tests/tui_snapshot.rs
assertion_line: 2347
expression: snapshot(&mut app)
---
┌ Explorer ──────────────────┐  List users                                      
│  ▸ orders                  │┌ URL ───────────────────────────────────────────┐
│  ▾ users                   ││GET  https://api.test/users                     │
│>   List users              │└────────────────────────────────────────────────┘
│    Create user             │┌ Request ───────────────────────────────────────┐
│    Get user                ││  Params(0)     Headers(0)     Auth     Body    │
│                            │└────────────────────────────────────────────────┘
│                            │┏ Response 200 OK · 142 ms · 2 B · 1 header  [h] ┓
│                            │┃1 {}                                            ┃
│                            │┃                                                ┃
│                            │┃                                                ┃
│                            │┃                                                ┃
│                            │┃                                                ┃
│                            │┃                                                ┃
│                            │┃                                                ┃
│                            │┃                                                ┃
│                            │┃                                                ┃
│                            │┃                                                ┃
│                            │┃                                                ┃
└────────────────────────────┘┃                                                ┃
┌ Sequences ─────────────────┐┃                                                ┃
│<leader>s n to add          │┃                                                ┃
└────────────────────────────┘┗ve · J/K block · o/O fold · y/Y copy · / search ┛
 RESPONSE · demo · ? help · space leader · / search · : palette
