---
source: crates/churl/tests/tui_snapshot.rs
assertion_line: 1341
expression: snapshot(&mut app)
---
┏ Explorer ━━━━━━━━━━━━━━━━━━┓┌ URL ───────────────────────────────────────────┐
┃> ▸ orders                  ┃│no endpoint selected                            │
┃  ▸ users                   ┃└────────────────────────────────────────────────┘
┃                            ┃┌ Request ───────────────────────────────────────┐
┃                            ┃│                                                │
┃                            ┃│no endpoint selected                            │
┃                            ┃│                                                │
┃                            ┃│                                                │
┃                            ┃│                                                │
┃                            ┃│                                                │
┃                            ┃│                                                │
┃                            ┃│                                                │
┃                            ┃└────────────────────────────────────────────────┘
┃                            ┃┌ Response ──────────────────────────────────────┐
┃                            ┃│no response yet                                 │
┃                            ┃│                                                │
┃                            ┃│no endpoint selected                            │
┃                            ┃│                                                │
┃                            ┃│                        ┏ leader · sequences ━━━┓
┃                            ┃│                        ┃ a  add sequence       ┃
┃                            ┃│                        ┃ o  open sequence      ┃
┃                            ┃│                        ┃ r  run sequence       ┃
┗━━━━━━━━━━━━━━━━━━━━━━━━━━━━┛└────────────────────────┗━━━━━━━━━━━━━━━━━━━━━━━┛
 EXPLORER · demo · ? help · space leader · / search · : palette
