---
source: crates/churl/tests/tui_snapshot.rs
expression: rendered
---
                                                                                          
     ┏ Sequence · Auth flow ━━━━━━━━━━━━━━━━━━━━━━━━━━━━━━━━━━━━━━━━━━━━━━━━━━━━━━━━━┓    
     ┃Mode: EDIT   2 steps   on_error: halt                                          ┃    
     ┃Compose an ordered chain of requests, extracting values from each response to f┃    
     ┃┏ Steps ━━━━━━━━━━━━━━━━━━━━━━━━━━━━━┓┌ Extraction rules ─────────────────────┐┃    
     ┃┃> 1. auth/login.toml  (2 rules)     ┃│> token = $.data.token                 │┃    
     ┃┃  2. users/me.toml  (0 rules)       ┃│  user_id = $.data.user.id             │┃    
     ┃┃                                    ┃│                                       │┃    
     ┃┃                                    ┃│                                       │┃    
     ┃┃                                    ┃│                                       │┃    
     ┃┃                                    ┃│                                       │┃    
     ┃┃                                    ┃│                                       │┃    
     ┃┃                                    ┃│                                       │┃    
     ┃┃                                    ┃│                                       │┃    
     ┃┃                                    ┃│                                       │┃    
     ┃┃                                    ┃│                                       │┃    
     ┃┃                                    ┃│                                       │┃    
     ┃┃                                    ┃│                                       │┃    
     ┃┃                                    ┃│                                       │┃    
     ┃┃                                    ┃│                                       │┃    
     ┃┗━━━━━━━━━━━━━━━━━━━━━━━━━━━━━━━━━━━━┛└───────────────────────────────────────┘┃    
     ┃j/k step · a add · d del · K/J mv · o on-err · w save · ^R run · q close       ┃    
     ┗━━━━━━━━━━━━━━━━━━━━━━━━━━━━━━━━━━━━━━━━━━━━━━━━━━━━━━━━━━━━━━━━━━━━━━━━━━━━━━━┛
