---
source: crates/churl/tests/tui_snapshot.rs
expression: snapshot(&mut app)
---
┌ Explorer ──────────────────┐┌ URL ───────────────────────────────────────────┐
│> ▸ orders                  ││no endpoint selected                            │
│  ▸ users                   │└────────────────────────────────────────────────┘
│                            │┌ Request ───────────────────────────────────────┐
│                            ││                                                │
│                            ││no endpoint selected                            │
│                            ││                                                │
│                            ││                                                │
│                            ││                                                │
│                            ││                                                │
│                            ││                                                │
│                            ││                                                │
│                            │└────────────────────────────────────────────────┘
│                            │┏ R 200 OK · 142 ms · 13 B · 2 headers · headers ┓
│                            │┃1 Content-Type: application/json                ┃
│                            │┃2 X-Request-Id: abc-123                         ┃
│                            │┃                                                ┃
│                            │┃                                                ┃
│                            │┃                                                ┃
└────────────────────────────┘┃                                                ┃
┌ Sequences ─────────────────┐┃                                                ┃
│<leader>s a to add          │┃                                                ┃
└────────────────────────────┘┗━━━━━━━━━━━━━━━━━━━━━━━━━━━━━━━━━━━━━━━━━━━━━━━━┛
 RESPONSE · demo · ? help · space leader · / search · : palette
