---
source: crates/churl/tests/tui_snapshot.rs
expression: snapshot(&mut app)
---
┌ Explorer ──────────────────┐┌ URL ───────────────────────────────────────────┐
│  ▸ orders                  ││GET  https://api.test/users                     │
│  ▾ users                   │└────────────────────────────────────────────────┘
│>   List users              │┌ Request ───────────────────────────────────────┐
│    Create user             ││ Params(0)   Headers(0)   Auth   Body           │
│    Get user                ││  (no params — a to add)                        │
│                            ││                                                │
│                            ││                                                │
│                            ││                                                │
│                            ││                                                │
│              ┏ Delete endpoint ━━━━━━━━━━━━━━━━━━━━━━━━━━━━━━━┓              │
│              ┃Delete this endpoint?                           ┃              │
│              ┃[y/n]                                           ┃──────────────┘
│              ┗━━━━━━━━━━━━━━━━━━━━━━━━━━━━━━━━━━━━━━━━━━━━━━━━┛──────────────┐
│                            ││no response yet                                 │
│                            ││GET https://api.test/users                      │
│                            ││                                                │
│                            ││press ctrl-s to send                            │
│                            ││                                                │
│                            ││                                                │
│                            ││                                                │
│                            ││                                                │
└────────────────────────────┘└────────────────────────────────────────────────┘
 EXPLORER · demo · j/k move · enter select · ctrl-s send · w save · f jump · / s
