---
source: crates/churl/tests/tui_snapshot.rs
expression: snapshot(&mut app)
---
┌ Explorer ──────────────────┐┌ URL ───────────────────────────────────────────┐
│> ▸ orders                  ││no endpoint selected                            │
│  ▸ users                   │└────────────────────────────────────────────────┘
│                            │┌ Request ───────────────────────────────────────┐
│                            ││                                                │
│                            ││no endpoint selected                            │
│                            ││                                                │
│                            ││                                                │
│                            ││                                                │
│                            ││                                                │
│                            ││                                                │
│                            ││                                                │
│                            │└────────────────────────────────────────────────┘
│                            │┏ 200 OK · 142 ms · 171 B · 1 header  [h] · wrap ┓
│                            │┃{"data":"wrap-me-wrap-me-wrap-me-wrap-me-wrap-me┃
│                            │┃-wrap-me-wrap-me-wrap-me-wrap-me-wrap-me-wrap-me┃
│                            │┃-wrap-me-wrap-me-wrap-me-wrap-me-wrap-me-wrap-me┃
│                            │┃-wrap-me-wrap-me-wrap-me-"}                     ┃
│                            │┃                                                ┃
└────────────────────────────┘┃                                                ┃
┌ Sequences ─────────────────┐┃                                                ┃
│<leader>s a to add          │┃                                                ┃
└────────────────────────────┘┗━━━━━━━━━━━━━━━━━━━━━━━━━━━━━━━━━━━━━━━━━━━━━━━━┛
 RESPONSE · demo · ? help · space leader · / search · : palette
