---
source: crates/churl/tests/tui_snapshot.rs
assertion_line: 1015
expression: snapshot(&mut app)
---
┏ Explorer ━━━━━━━━━━━━━━━━━━┓┌ URL ───────────────────────────────────────────┐
┃  ▸ orders                  ┃│GET  https://api.test/users                     │
┃  ▾ users                   ┃└────────────────────────────────────────────────┘
┃>   List users              ┃┌ Request ───────────────────────────────────────┐
┃    Create user             ┃│ Params(0)   Headers(0)   Auth   Body           │
┃    Get user                ┃│  (no params — a to add)                        │
┃                            ┃│                                                │
┃                            ┃│                                                │
┃                            ┃│                                                │
┃                            ┃│                                                │
┃                            ┃│                                                │
┃                            ┃└────────────────────────────────────────────────┘
┃                            ┃┌ Response ──────────────────────────────────────┐
┃                            ┃│no response yet                                 │
┃                            ┃│GET https://api.test/users                      │
┃                            ┃│                                                │
┃                            ┃│press ctrl-s to send                            │
┃                            ┃│                                                │
┃                            ┃│                                                │
┃                            ┃│                                                │
┃                            ┃│                                                │
┗━━━━━━━━━━━━━━━━━━━━━━━━━━━━┛└────────────────────────────────────────────────┘
 Saved List users                                                               
 EXPLORER · demo · ? help · space leader · / search · : palette
