---
source: crates/churl/tests/tui_snapshot.rs
expression: snapshot(&mut app)
---
┌ Explorer ──────────────────┐┌ URL ───────────────────────────────────────────┐
│  ▾ api                     ││GET  https://api.test/search                    │
│>   Search                  │└────────────────────────────────────────────────┘
│                            │┏ Request ━━━━━━━━━━━━━━━━━━━━━━━━━━━━━━━━━━━━━━━┓
│                            │┃ (1) Params(2)   (2) Headers(0)   (3) Auth   (4)┃
│                            │┃> ✓ q = rust                                    ┃
│                            │┃  ✗ page = 1                                    ┃
│                            │┃                                                ┃
│                            │┃                                                ┃
│                            │┃                                                ┃
│                            │┃                                                ┃
│                            │┃                                                ┃
│                            │┗━━━━━━━━━━━━━━━━━━━━━━━━━━━━━━━━━━━━━━━━━━━━━━━━┛
│                            │┌ Response ──────────────────────────────────────┐
│                            ││no response yet                                 │
│                            ││GET https://api.test/search                     │
│                            ││                                                │
│                            ││press ctrl-s to send                            │
│                            ││                                                │
│                            ││                                                │
│                            ││                                                │
│                            ││                                                │
└────────────────────────────┘└────────────────────────────────────────────────┘
 REQUEST · demo · ? help · space leader · / search · : palette
