---
source: crates/churl/tests/tui_snapshot.rs
expression: snapshot(&mut app)
---
┌ Explorer ──────────────────┐┌ URL ───────────────────────────────────────────┐
│> ▸ orders                  ││no endpoint selected                            │
│  ▸ users                   │└────────────────────────────────────────────────┘
│                            │┌ Request ───────────────────────────────────────┐
│                            ││                                                │
│                            ││no endpoint selected                            │
│                            ││                                                │
│                            ││                                                │
│                            ││                                                │
│                            ││                                                │
│                            ││                                                │
│                            ││                                                │
│                            │└────────────────────────────────────────────────┘
│                            │┏ Response ━━━━━━━━━━━━━━━━━━━━━━━━━━━━━━━━━━━━━━┓
│                            │┃request failed                                  ┃
│                            │┃GET https://api.test/users/1                    ┃
│                            │┃                                                ┃
│                            │┃error:                                          ┃
│                            │┃request failed: error sending request           ┃
└────────────────────────────┘┃                                                ┃
┌ Sequences ─────────────────┐┃no response — status, body, and timing are      ┃
│<leader>s a to add          │┃unavailable                                     ┃
└────────────────────────────┘┗━━━━━━━━━━━━━━━━━━━━━━━━━━━━━━━━━━━━━━━━━━━━━━━━┛
 RESPONSE · demo · ? help · space leader · / search · : palette
