---
source: crates/churl/tests/tui_snapshot.rs
expression: rendered
---
┏ Explorer ━━━━━━━━━━━━━━━━━━┓┌ URL ───────────────────────────────────────────┐
┃  ▾ api                     ┃│GET  https://{{host}}/items   auth:basic  {{2}} │
┃>   List items              ┃└────────────────────────────────────────────────┘
┃                            ┃┌ Request ───────────────────────────────────────┐
┃                            ┃│GET https://{{host}}/items                      │
┃                            ┃│auth: basic alice · password {{password}}       │
┃                            ┃│body:                                           │
┃                            ┃│                                                │
┃                            ┃│                                                │
┃                            ┃│                                                │
┃                            ┃│                                                │
┃                            ┃│  Normal                                        │
┃                            ┃└────────────────────────────────────────────────┘
┃                            ┃┌ Response ──────────────────────────────────────┐
┃                            ┃│no response yet                                 │
┃                            ┃│GET https://{{host}}/items                      │
┃                            ┃│                                                │
┃                            ┃│press ctrl-s to send                            │
┃                            ┃│                                                │
┃                            ┃│                                                │
┃                            ┃│                                                │
┃                            ┃│                                                │
┗━━━━━━━━━━━━━━━━━━━━━━━━━━━━┛└────────────────────────────────────────────────┘
 EXPLORER · demo · j/k move · enter select · ctrl-s send · f jump · / search · :
