---
source: crates/churl/tests/tui_snapshot.rs
assertion_line: 1527
expression: snapshot(&mut app)
---
┏ Explorer ━━━━━━━━━━━━━━━━━━┓┌ URL ───────────────────────────────────────────┐
┃> ▸ orders                  ┃│no endpoint selected                            │
┃  ▸ users                   ┃└────────────────────────────────────────────────┘
┃                            ┃┌ Request ───────────────────────────────────────┐
┃                            ┃┏ leader ━━━━━━━━━━━━━━━━━━━━━━━━━━━━━━━━━━━━━━━━┓
┃                            ┃┃ Shift-k  toggle insecure TLS for this endpoint ┃
┃                            ┃┃ Shift-n  new collection (choose location)      ┃
┃                            ┃┃ Space  request picker                          ┃
┃                            ┃┃ c  cancel request                              ┃
┃                            ┃┃ e  toggle explorer sidebar                     ┃
┃                            ┃┃ k  toggle insecure TLS (verify off/on)         ┃
┃                            ┃┃ n  new endpoint (choose location)              ┃
┃                            ┃┃ o  Options (proxy · TLS · cookies)             ┃
┃                            ┃┃ p  switch profile                              ┃
┃                            ┃┃ q  quit                                        ┃
┃                            ┃┃ r  reload workspace from disk                  ┃
┃                            ┃┃ v  Environments & vars                         ┃
┃                            ┃┃ w  workspace picker                            ┃
┃                            ┃┃ y  copy request as curl                        ┃
┗━━━━━━━━━━━━━━━━━━━━━━━━━━━━┛┃ l  ▸ load                                      ┃
┌ Sequences ─────────────────┐┃ s  ▸ sequences                                 ┃
│<leader>s n to add          │┃ t  ▸ tabs                                      ┃
└────────────────────────────┘┗━━━━━━━━━━━━━━━━━━━━━━━━━━━━━━━━━━━━━━━━━━━━━━━━┛
 EXPLORER · demo · ? help · space leader · / search · : palette
