---
source: crates/churl/tests/tui_snapshot.rs
assertion_line: 1619
expression: snapshot(&mut app)
---
┌ Explorer ──────────────────┐┌ URL ───────────────────────────────────────────┐
│> ▸ orders                  ││no endpoint selected                            │
│  ▸ users                   │└────────────────────────────────────────────────┘
│           ┏ Settings · Network ━━━━━━━━━━━━━━━━━━━━━━━━━━━━━━━━━━┓───────────┐
│           ┃▸   Proxy             (none — uses HTTP(S)_PROXY env) ┃           │
│           ┃    TLS verification  on                              ┃           │
│           ┃    Cookies           off                             ┃           │
│           ┃┌ Cookies ───────────────────────────────────────────┐┃           │
│           ┃│(cookie jar is off — enable it above, or a to add on│┃           │
│           ┃│                                                    │┃           │
│           ┃│                                                    │┃           │
│           ┃│                                                    │┃           │
│           ┃│                                                    │┃───────────┘
│           ┃│                                                    │┃───────────┐
│           ┃│                                                    │┃           │
│           ┃│                                                    │┃           │
│           ┃└────────────────────────────────────────────────────┘┃           │
│           ┃                                                      ┃           │
│           ┃ An HTTP(S) proxy used for every request this session.┃           │
└───────────┗gle · a add · l cookies · s save · esc menu · q close ┛           │
┌ Sequences ─────────────────┐│                                                │
│<leader>s n to add          ││                                                │
└────────────────────────────┘└────────────────────────────────────────────────┘
 EXPLORER · demo · ? help · space leader · / search · : palette
