---
source: crates/churl/tests/tui_snapshot.rs
expression: snapshot(&mut app)
---
┏ Explorer ━━━━━━━━━━━━━━━━━━┓┌ URL ───────────────────────────────────────────┐
┃> ▸ orders                  ┃│no endpoint selected                            │
┃  ▸ users                   ┃└────────────────────────────────────────────────┘
┃                            ┃┌ Request ───────────────────────────────────────┐
┃                            ┃│                                                │
┃                            ┃│no endpoint selected                            │
┃                            ┃│                                                │
┃                            ┃│                                                │
┃                            ┃│                                                │
┃                            ┃│                                                │
┃                            ┃│                                                │
┃                            ┃│                                                │
┃                            ┃└────────────────────────────────────────────────┘
┃                            ┃┌ Response ──────────────────────────────────────┐
┃                            ┃│no response yet     ┏ leader ━━━━━━━━━━━━━━━━━━━┓
┃                            ┃│                    ┃ c  cancel request         ┃
┃                            ┃│no endpoint selected┃ f  request picker         ┃
┃                            ┃│                    ┃ w  workspace picker       ┃
┃                            ┃│                    ┃ q  quit                   ┃
┃                            ┃│                    ┃ s  send request           ┃
┃                            ┃│                    ┃ p  switch profile         ┃
┃                            ┃│                    ┃ e  toggle explorer sidebar┃
┗━━━━━━━━━━━━━━━━━━━━━━━━━━━━┛└────────────────────┗━━━━━━━━━━━━━━━━━━━━━━━━━━━┛
 EXPLORER · demo · ? help · space leader · / search · : palette
