---
source: crates/churl/tests/tui_snapshot.rs
assertion_line: 156
expression: snapshot(&mut app)
---
┌ Explorer ──────────────────┐  Private rep…                                    
│  ▾ private                 │┌ URL ───────────────────────────────────────────┐
│>   Private report          ││GET  https://api.test/report  auth:basic  {{1}} │
│                            │└────────────────────────────────────────────────┘
│                            │┏ Request ━━━━━━━━━━━━━━━━━━━━━━━━━━━━━━━━━━━━━━━┓
│                            │┃‹  [2] Headers(0)     [3] Auth(1)   ›           ┃
│                            │┃> kind: Basic  (enter to change)                ┃
│                            │┃  username: alice                               ┃
│                            │┃  password: {{password}}                        ┃
│                            │┃                                                ┃
│                            │┃                                                ┃
│                            │┃                                                ┃
│                            │┗━━━━━━━━━━━━━━━━━━━━━━━━━━━━━━━━━━━━━━━━━━━━━━━━┛
│                            │┌ Response ──────────────────────────────────────┐
│                            ││no response yet                                 │
│                            ││GET https://api.test/report                     │
│                            ││                                                │
│                            ││press ctrl-s to send                            │
│                            ││                                                │
└────────────────────────────┘│                                                │
┌ Sequences ─────────────────┐│                                                │
│<leader>s n to add          ││                                                │
└────────────────────────────┘└────────────────────────────────────────────────┘
 REQUEST · demo · ? help · space leader · / search · : palette
