---
source: crates/churl/tests/tui_snapshot.rs
expression: snapshot(&mut app)
---
┌ Explorer [a] ──────────────┐┌ URL ───────────────────────────────────────────┐
│f ▸ orders                  ││no endpoint selected                            │
│g ▾ users                   │└────────────────────────────────────────────────┘
│h   List users              │┌ Request [s] ───────────────────────────────────┐
│j   Create user             ││                                                │
│k   Get user                ││no endpoint selected                            │
│                            ││                                                │
│                            ││                                                │
│                            ││                                                │
│                            ││                                                │
│                            ││                                                │
│                            ││                                                │
│                            │└────────────────────────────────────────────────┘
│                            │┌ Response [d] ──────────────────────────────────┐
│                            ││no response yet                                 │
│                            ││                                                │
│                            ││no endpoint selected                            │
│                            ││                                                │
│                            ││                                                │
│                            ││                                                │
│                            ││                                                │
│                            ││                                                │
└────────────────────────────┘└────────────────────────────────────────────────┘
 EXPLORER · demo · j/k move · enter select · ctrl-s send · f jump · / search · :
