---
source: crates/churl/tests/tui_snapshot.rs
assertion_line: 107
expression: snapshot(&mut app)
---
┌ Explorer ──────────────────┐┌ URL ───────────────────────────────────────────┐
│> ▸ orders                  ││no endpoint selected                            │
│  ▸ users                   │└────────────────────────────────────────────────┘
│                            │┌ Request ───────────────────────────────────────┐
│           ┏ Search endpoints ━━━━━━━━━━━━━━━━━━━━━━━━━━━━━━━━━━━━┓           │
│           ┃> user█                                               ┃           │
│           ┃> users/List users                                    ┃           │
│           ┃  users/Create user                                   ┃           │
│           ┃  users/Get user                                      ┃           │
│           ┃                                                      ┃           │
│           ┃                                                      ┃           │
│           ┃                                                      ┃           │
│           ┃                                                      ┃───────────┘
│           ┃                                                      ┃───────────┐
│           ┃                                                      ┃           │
│           ┃                                                      ┃           │
│           ┃                                                      ┃           │
│           ┃                                                      ┃           │
│           ┃                                                      ┃           │
│           ┗━━━━━━━━━━━━━━━━━━━━━━━━━━━━━━━━━━━━━━━━━━━━━━━━━━━━━━┛           │
│                            ││                                                │
│                            ││                                                │
└────────────────────────────┘└────────────────────────────────────────────────┘
 EXPLORER · demo · ? help · space leader · / search · : palette
