---
source: crates/churl/tests/tui_snapshot.rs
expression: rendered
---
┌ Explorer ──────────────────┐┌ URL ───────────────────────────────────────────┐
│  ▾ private                 ││GET  https://api.test/things        auth:apikey │
│>   List things             │└────────────────────────────────────────────────┘
│                            │┏ Request ━━━━━━━━━━━━━━━━━━━━━━━━━━━━━━━━━━━━━━━┓
│                            │┃ Params(0)   Headers(0)   Auth(1)   Body        ┃
│                            │┃> kind: ApiKey  (enter to change)               ┃
│                            │┃  name: X-Api-Key                               ┃
│                            │┃  value: *****                                  ┃
│                            │┃  placement: header  (space/enter to toggle)    ┃
│                            │┃                                                ┃
│                            │┃                                                ┃
│                            │┃                                                ┃
│                            │┗━━━━━━━━━━━━━━━━━━━━━━━━━━━━━━━━━━━━━━━━━━━━━━━━┛
│                            │┌ Response ──────────────────────────────────────┐
│                            ││no response yet                                 │
│                            ││GET https://api.test/things                     │
│                            ││                                                │
│                            ││press ctrl-s to send                            │
│                            ││                                                │
│                            ││                                                │
│                            ││                                                │
│                            ││                                                │
└────────────────────────────┘└────────────────────────────────────────────────┘
 REQUEST · demo · j/k move · enter select · ctrl-s send · w save · f jump · / se
