---
source: crates/churl/tests/tui_snapshot.rs
expression: "lines.join(\"\\n\")"
---
┌ Explorer ──────────────────┐┌ URL ───────────────────────────────────────────────────────────────────────────────────────────────────────────────────────────────────────────────┐
│> ▸ orders                  ││no endpoint selected                                                                                                                                │
│  ▸ users                   │└────────────────────────────────────────────────────────────────────────────────────────────────────────────────────────────────────────────────────┘
│                            │┌ Request ───────────────────────────────────────────────────────────────────────────────────────────────────────────────────────────────────────────┐
│                            ││                                                                                                                                                    │
│                            ││no endpoint selected                                                                                                                                │
│                            ││                                                                                                                                                    │
│                            ││                                                                                                                                                    │
│                            ││                                                                                                                                                    │
│                            ││                                                                                                                                                    │
│                            ││                                                                                                                                                    │
│                            ││                                                                                                                                                    │
│                            │└────────────────────────────────────────────────────────────────────────────────────────────────────────────────────────────────────────────────────┘
│                            │┏ Response ━━━━━━━━━━━━━━━━━━━━━━━━━━━━━━━━━━━━━━━━━━━━━━━━━━━━━━━━━━━━━━━━━━━━━━━━━━━━━━━━━━━━━━━━━━━━━━━━━━━━━━━━━━━━━━━━━━━━━━━━━━━━━━━━━━━━━━━━━━┓
│                            │┃200 OK · 142 ms · 10.0 MB · 1 hdrs · truncated at 10.0 MB                                                                                           ┃
│                            │┃xxxxxxxxxxxxxxxxxxxxxxxxxxxxxxxxxxxxxxxxxxxxxxxxxxxxxxxxxxxxxxxxxxxxxxxxxxxxxxxxxxxxxxxxxxxxxxxxxxxxxxxxxxxxxxxxxxxxxxxxxxxxxxxxxxxxxxxxxxxxxxxxxxxx┃
│                            │┃                                                                                                                                                    ┃
│                            │┃                                                                                                                                                    ┃
│                            │┃                                                                                                                                                    ┃
│                            │┃                                                                                                                                                    ┃
│                            │┃                                                                                                                                                    ┃
│                            │┃                                                                                                                                                    ┃
└────────────────────────────┘┗━━━━━━━━━━━━━━━━━━━━━━━━━━━━━━━━━━━━━━━━━━━━━━━━━━━━━━━━━━━━━━━━━━━━━━━━━━━━━━━━━━━━━━━━━━━━━━━━━━━━━━━━━━━━━━━━━━━━━━━━━━━━━━━━━━━━━━━━━━━━━━━━━━━━┛
 RESPONSE · demo · j/k move · enter select · ctrl-s send · f jump · / search · : palette · q quit
