---
source: crates/churl/tests/tui_snapshot.rs
expression: snapshot(&mut app)
---
┌ Explorer ──────────────────┐┌ URL ───────────────────────────────────────────┐
│> ▸ orders                  ││no endpoint selected                            │
│  ▸ users                   │└────────────────────────────────────────────────┘
│           ┏ Settings · Network ━━━━━━━━━━━━━━━━━━━━━━━━━━━━━━━━━━┓───────────┐
│           ┃▸ Proxy             (none — uses HTTP(S)_PROXY env)   ┃           │
│           ┃  TLS verification  on                                ┃           │
│           ┃  Cookies           off                               ┃           │
│           ┃┌ Cookies ───────────────────────────────────────────┐┃           │
│           ┃│(cookie jar is off — enable it on the Cookies row)  │┃           │
│           ┃│                                                    │┃           │
│           ┃│                                                    │┃           │
│           ┃│                                                    │┃           │
│           ┃│                                                    │┃───────────┘
│           ┃│                                                    │┃───────────┐
│           ┃│                                                    │┃           │
│           ┃│                                                    │┃           │
│           ┃└────────────────────────────────────────────────────┘┃           │
│           ┃                                                      ┃           │
│           ┃ j/k move · enter edit/toggle · l cookies · esc menu ·┃           │
└───────────┗━━━━━━━━━━━━━━━━━━━━━━━━━━━━━━━━━━━━━━━━━━━━━━━━━━━━━━┛           │
┌ Sequences ─────────────────┐│                                                │
│<leader>s n to add          ││                                                │
└────────────────────────────┘└────────────────────────────────────────────────┘
 EXPLORER · demo · ? help · space leader · / search · : palette
