---
source: crates/churl/tests/tui_snapshot.rs
assertion_line: 2001
expression: snapshot(&mut app)
---
┌ Explorer ──────────────────┐  List users                                      
│  ▸ orders                  │┌ URL ───────────────────────────────────────────┐
│  ▾ users                   ││GET  https://api.test/users                     │
│>   List users              │└────────────────────────────────────────────────┘
│    Create user             │┏ Request ━━━━━━━━━━━━━━━━━━━━━━━━━━━━━━━━━━━━━━━┓
│    Get user                │┃  [1] Params(0)     [2] Headers(0)   ›          ┃
│                            │┃  (no params — a to add)                        ┃
│                            │┃                                                ┃
│                            │┃                                                ┃
│                            │┃                                                ┃
│                            │┃                                                ┃
│                            │┃                                                ┃
│                            │┃                                                ┃
│                            │┃                                                ┃
│                            │┃                                                ┃
│                            │┃                                                ┃
│                            │┃                                                ┃
│                            │┃                                                ┃
│                            │┃                                                ┃
└────────────────────────────┘┗━━━━━━━━━━━━━━━━━━━━━━━━━━━━━━━━━━━━━━━━━━━━━━━━┛
┌ Sequences ─────────────────┐┌ Response ──────────────────────────────────────┐
│<leader>s n to add          ││no response yet                                 │
└────────────────────────────┘└────────────────────────────────────────────────┘
 REQUEST · demo · ? help · space leader · / search · : palette
