---
source: crates/churl/tests/tui_snapshot.rs
assertion_line: 287
expression: snapshot(&mut app)
---
┌ Explorer ──────────────────┐┌ URL ───────────────────────────────────────────┐
│> ▸ orders                  ││no endpoint selected                            │
│  ▸ users                   │└────────────────────────────────────────────────┘
│                            │┌ Request ───────────────────────────────────────┐
│                            ││                                                │
│                            ││no endpoint selected                            │
│                            ││                                                │
│                            ││                                                │
│                            ││                                                │
│                            ││                                                │
│                            ││                                                │
│                            ││                                                │
│                            │└────────────────────────────────────────────────┘
│                            │┏ Response ━━━━━━━━━━━━━━━━━━━━━━━━━━━━━━━━━━━━━━┓
│                            │┃request failed                                  ┃
│                            │┃error:                                          ┃
│                            │┃request failed: error sending request           ┃
│                            │┃                                                ┃
│                            │┃                                                ┃
│                            │┃                                                ┃
│                            │┃                                                ┃
│                            │┃                                                ┃
└────────────────────────────┘┗━━━━━━━━━━━━━━━━━━━━━━━━━━━━━━━━━━━━━━━━━━━━━━━━┛
 RESPONSE · demo · ? help · space leader · / search · : palette
