---
source: crates/churl/tests/tui_snapshot.rs
expression: snapshot(&mut app)
---
┏ Explorer ━━━━━━━━━━━━┓┌ Request ─────────────────┐┌ Response ────────────────┐
┃  ▸ orders            ┃│POST https://api.test/user││POST https://api.test/user│
┃  ▾ users             ┃│headers:                  ││                          │
┃    List users        ┃│  Content-Type: applicatio││no response yet — send arr│
┃>   Create user       ┃│body:                     ││                          │
┃    Get user          ┃│{"name": "Ada"}           ││                          │
┃                      ┃│                          ││                          │
┃                      ┃│                          ││                          │
┃                      ┃│                          ││                          │
┃                      ┃│                          ││                          │
┃                      ┃│                          ││                          │
┃                      ┃│                          ││                          │
┃                      ┃│                          ││                          │
┃                      ┃│                          ││                          │
┃                      ┃│                          ││                          │
┃                      ┃│                          ││                          │
┃                      ┃│                          ││                          │
┃                      ┃│                          ││                          │
┃                      ┃│                          ││                          │
┃                      ┃│                          ││                          │
┃                      ┃│                          ││                          │
┃                      ┃│  Normal                  ││                          │
┗━━━━━━━━━━━━━━━━━━━━━━┛└──────────────────────────┘└──────────────────────────┘
 EXPLORER · demo · j/k move · enter select · / search · : palette · q quit
