---
source: crates/churl/tests/tui_snapshot.rs
expression: snapshot(&mut app)
---
┌ Explorer ──────────────────┐┌ URL ───────────────────────────────────────────┐
│> ▸ orders                  ││no endpoint selected                            │
│  ▸ users                   │└────────────────────────────────────────────────┘
│                            │┌ Request ───────────────────────────────────────┐
│                            ││                                                │
│                            ││no endpoint selected                            │
│                            ││                                                │
│                            ││                                                │
│                            ││                                                │
│                            ││                                                │
│                            ││                                                │
│                            ││                                                │
│                            │└────────────────────────────────────────────────┘
│                            │┏ Response ━━━━━━━━━━━━━━━━━━━━━━━━━━━━━━━━━━━━━━┓
│                            │┃200 OK · 142 ms · 30 B · 1 hdrs                 ┃
│                            │┃{                                               ┃
│                            │┃  "id": 1,                                      ┃
│                            │┃  "name": "Ada"                                 ┃
│                            │┃}                                               ┃
│                            │┃                                                ┃
│                            │┃                                                ┃
│                            │┃                                                ┃
└────────────────────────────┘┗━━━━━━━━━━━━━━━━━━━━━━━━━━━━━━━━━━━━━━━━━━━━━━━━┛
 RESPONSE · demo · j/k move · enter select · ctrl-s send · f jump · / search · :
