---
source: crates/churl/tests/tui_snapshot.rs
expression: snap
---
┌ Explorer ──────────────────┐┌ URL ───────────────────────────────────────────┐
│> ▸ orders                  ││no endpoint selected                            │
│  ▸ users                   │└────────────────────────────────────────────────┘
│           ┏ Settings · Network ━━━━━━━━━━━━━━━━━━━━━━━━━━━━━━━━━━┓───────────┐
│           ┃    Proxy             (none — uses HTTP(S)_PROXY env) ┃           │
│           ┃▸ ● TLS verification  OFF — certificates NOT verified ┃           │
│           ┃    Cookies           off                             ┃           │
│           ┃┌ Cookies ───────────────────────────────────────────┐┃           │
│           ┃│(cookie jar is off — enable it above, or a to add on│┃           │
│           ┃│                                                    │┃           │
│           ┃│                                                    │┃           │
│           ┃│                                                    │┃───────────┘
│           ┃│                                                    │┃───────────┐
│           ┃│                                                    │┃           │
│           ┃│                                                    │┃           │
│           ┃└────────────────────────────────────────────────────┘┃           │
│           ┃                                                      ┃           │
│           ┃ j/k move · enter edit/toggle · a add · l cookies · s ┃           │
└───────────┗━━━━━━━━━━━━━━━━━━━━━━━━━━━━━━━━━━━━━━━━━━━━━━━━━━━━━━┛           │
┌ Sequences ─────────────────┐│                                                │
│<leader>s n to add          ││                                                │
└────────────────────────────┘└────────────────────────────────────────────────┘
 ⚠ TLS verification OFF — certificates not checked                              
 EXPLORER · demo · ⚠ TLS OFF · ? help · space leader · / search · : palette
