---
source: crates/churl/tests/tui_snapshot.rs
assertion_line: 936
expression: snapshot(&mut app)
---
┌ Explorer ──────────────────┐  Create user                                     
│  ▸ orders                  │┌ URL ───────────────────────────────────────────┐
│  ▾ users                   ││POST  https://api.test/users                    │
│    List users              │└────────────────────────────────────────────────┘
│>   Create user             │┏ Request ━━━━━━━━━━━━━━━━━━━━━━━━━━━━━━━━━━━━━━━┓
│    Get user                │┃‹  [2] Headers(1)     [3] Auth     [4] Body     ┃
│                            │┃{"name": "Ada"}                                 ┃
│                            │┃                                                ┃
│                            │┃                                                ┃
│                            │┃                                                ┃
│                            │┃                                                ┃
│                            │┃  Normal                                        ┃
│                            │┗━━━━━━━━━━━━━━━━━━━━━━━━━━━━━━━━━━━━━━━━━━━━━━━━┛
│                            │┌ Response ──────────────────────────────────────┐
│                            ││no response yet                                 │
│                            ││POST https://api.test/users                     │
│                            ││                                                │
│                            ││press ctrl-s to send                            │
│                            ││                                                │
└────────────────────────────┘│                                                │
┌ Sequences ─────────────────┐│                                                │
│<leader>s n to add          ││                                                │
└────────────────────────────┘└────────────────────────────────────────────────┘
 REQUEST · demo · ? help · space leader · / search · : palette
