---
source: crates/churl/tests/tui_snapshot.rs
expression: snapshot(&mut app)
---
┌ Explorer ──────────────────┐▐ Search ▌                                        
│  ▾ api                     │┌ URL ───────────────────────────────────────────┐
│>   Search                  ││GET  https://api.test/search                    │
│                            │└────────────────────────────────────────────────┘
│                            │┏ Request ━━━━━━━━━━━━━━━━━━━━━━━━━━━━━━━━━━━━━━━┓
│                            │┃▐ [1] Params(2) ▌ ▐ [2] Headers(0) ▌ ›          ┃
│                            │┃> ✓ q = rust                                    ┃
│                            │┃  ✗ page = 1                                    ┃
│                            │┃                                                ┃
│                            │┃                                                ┃
│                            │┃                                                ┃
│                            │┃                                                ┃
│                            │┗━━━━━━━━━━━━━━━━━━━━━━━━━━━━━━━━━━━━━━━━━━━━━━━━┛
│                            │┌ Response ──────────────────────────────────────┐
│                            ││no response yet                                 │
│                            ││GET https://api.test/search                     │
│                            ││                                                │
│                            ││press ctrl-s to send                            │
│                            ││                                                │
└────────────────────────────┘│                                                │
┌ Sequences ─────────────────┐│                                                │
│<leader>s a to add          ││                                                │
└────────────────────────────┘└────────────────────────────────────────────────┘
 REQUEST · demo · ? help · space leader · / search · : palette
