---
source: crates/churl/tests/tui_snapshot.rs
expression: rendered
---
┌ Explorer ──────────────────┐┌ URL ───────────────────────────────────────────┐
│> ▸┏ Environments & Variables ━━━━━━━━━━━━━━━━━━━━━━━━━━━━━━━━━━━━━━━━━━━━┓   │
│   ┃┌ Scopes ──────────────────┐┌ Workspace ─────────────────────────────┐┃───┘
│   ┃│WORKSPACE                 ││api_token  •••••• ✓                     │┃───┐
│   ┃│  Workspace               ││base_url   https://api.example.com ✓    │┃   │
│   ┃│                          ││                                        │┃   │
│   ┃│COLLECTIONS               ││                                        │┃   │
│   ┃│  users                   ││                                        │┃   │
│   ┃│                          ││                                        │┃   │
│   ┃│PROFILES                  ││                                        │┃   │
│   ┃│  dev                     ││                                        │┃   │
│   ┃│                          ││                                        │┃   │
│   ┃│                          ││                                        │┃───┘
│   ┃│                          ││                                        │┃───┐
│   ┃│                          ││                                        │┃   │
│   ┃│                          ││                                        │┃   │
│   ┃│                          ││                                        │┃   │
│   ┃│                          ││                                        │┃   │
│   ┃└──────────────────────────┘└────────────────────────────────────────┘┃   │
│   ┃ api_token: workspace ✓                                               ┃   │
│   ┃ j/k move · a add · enter value · r name · d delete · h scopes · w sav┃   │
│   ┗━━━━━━━━━━━━━━━━━━━━━━━━━━━━━━━━━━━━━━━━━━━━━━━━━━━━━━━━━━━━━━━━━━━━━━┛   │
└────────────────────────────┘└────────────────────────────────────────────────┘
 EXPLORER · demo · ? help · space leader · / search · : palette
