---
source: crates/churl/tests/tui_snapshot.rs
expression: snapshot(&mut app)
---
┏ Explorer ━━━━━━━━━━━━┓┌ Request ─────────────────┐┌ Response ────────────────┐
┃  ▸ orders            ┃│POST https://api.test/user││no response yet           │
┃  ▾ users             ┃│headers:                  ││POST https://api.test/user│
┃    List users        ┃│  Content-Type: applicatio││                          │
┃>   Create user       ┃│body:                     ││press ctrl-s to send      │
┃    Get user          ┃│{"name": "Ada"}           ││                          │
┃                      ┃│                          ││                          │
┃                      ┃│                          ││                          │
┃                      ┃│                          ││                          │
┃                      ┃│                          ││                          │
┃                      ┃│                          ││                          │
┃                      ┃│                          ││                          │
┃                      ┃│                          ││                          │
┃                      ┃│                          ││                          │
┃                      ┃│                          ││                          │
┃                      ┃│                          ││                          │
┃                      ┃│                          ││                          │
┃                      ┃│                          ││                          │
┃                      ┃│                          ││                          │
┃                      ┃│                          ││                          │
┃                      ┃│                          ││                          │
┃                      ┃│  Normal                  ││                          │
┗━━━━━━━━━━━━━━━━━━━━━━┛└──────────────────────────┘└──────────────────────────┘
 EXPLORER · demo · j/k move · enter select · ctrl-s send · / search · : palette
