---
source: crates/churl/tests/tui_snapshot.rs
assertion_line: 1604
expression: snapshot(&mut app)
---
┌ Explorer ──────────────────┐┌ URL ───────────────────────────────────────────┐
│> ▸ orders                  ││no endpoint selected                            │
│  ▸ users                   │└────────────────────────────────────────────────┘
│           ┏ Settings ━━━━━━━━━━━━━━━━━━━━━━━━━━━━━━━━━━━━━━━━━━━━┓───────────┐
│           ┃▸ Request                                             ┃           │
│           ┃  Network                                             ┃           │
│           ┃  Load                                                ┃           │
│           ┃  Appearance                                          ┃           │
│           ┃                                                      ┃           │
│           ┃                                                      ┃           │
│           ┃                                                      ┃           │
│           ┃                                                      ┃           │
│           ┃                                                      ┃───────────┘
│           ┃                                                      ┃───────────┐
│           ┃                                                      ┃           │
│           ┃                                                      ┃           │
│           ┃                                                      ┃           │
│           ┃                                                      ┃           │
│           ┃                                                      ┃           │
└───────────┗━━━━━━━━━━ j/k move · enter/l open · s save · q close ┛           │
┌ Sequences ─────────────────┐│                                                │
│<leader>s n to add          ││                                                │
└────────────────────────────┘└────────────────────────────────────────────────┘
 EXPLORER · demo · ? help · space leader · / search · : palette
