---
source: crates/churl/tests/tui_snapshot.rs
assertion_line: 2045
expression: dirty_rendered
---
┌ Explorer ──────────────────┐  List users ●                                    
│  ▸ orders                  │┏ URL ━━━━━━━━━━━━━━━━━━━━━━━━━━━━━━━━━━━━━━━━━━━┓
│  ▾ users                   │┃GET  https://api.test/usersX                ●   ┃
│>   List users ●            │┗━━━━━━━━━━━━━━━━━━━━━━━━━━━━━━━━━━━━━━━━━━━━━━━━┛
│    Create user             │┌ Request ───────────────────────────────────────┐
│    Get user                ││  Params(0)     Headers(0)     Auth     Body    │
│                            ││  (no params — a to add)                        │
│                            ││                                                │
│                            ││                                                │
│                            ││                                                │
│                            ││                                                │
│                            ││                                                │
│                            │└────────────────────────────────────────────────┘
│                            │┌ Response ──────────────────────────────────────┐
│                            ││no response yet                                 │
│                            ││GET https://api.test/usersX                     │
│                            ││                                                │
│                            ││press ctrl-s to send                            │
│                            ││                                                │
└────────────────────────────┘│                                                │
┌ Sequences ─────────────────┐│                                                │
│<leader>s n to add          ││                                                │
└────────────────────────────┘└────────────────────────────────────────────────┘
 URL · demo · ● unsaved · w save · ? help · space leader · / search · : palette
