---
source: crates/churl/tests/tui_snapshot.rs
expression: snapshot(&mut app)
---
┌ Explorer ──────────────────┐┌ URL ───────────────────────────────────────────┐
│> ▸ orders                  ││no endpoint selected                            │
│  ▸ users                   │└────────────────────────────────────────────────┘
│                            │┌ Request ───────────────────────────────────────┐
│                            ││                                                │
│                            ││no endpoint selected                            │
│                            ││                                                │
│                            ││                                                │
│                            ││                                                │
│                            ││                                                │
│                            ││                                                │
│                            ││                                                │
│                            │└────────────────────────────────────────────────┘
│                            │┏ R 200 OK · 142 ms · 13 B · 2 headers · headers ┓
│                            │┃Content-Type: application/json                  ┃
│                            │┃X-Request-Id: abc-123                           ┃
│                            │┃                                                ┃
│                            │┃                                                ┃
│                            │┃                                                ┃
│                            │┃                                                ┃
│                            │┃                                                ┃
│                            │┃                                                ┃
└────────────────────────────┘┗━━━━━━━━━━━━━━━━━━━━━━━━━━━━━━━━━━━━━━━━━━━━━━━━┛
 RESPONSE · demo · ? help · space leader · / search · : palette
